// Jest Snapshot v1, https://goo.gl/fbAQLP

exports[`test button example 1`] = `
"<div class=\\"app-type\\">主题色按钮</div><button class=\\"sun-button sun--box sun-button--normal sun-button--default sun--inline-flex sun-elevation--1\\">默认按钮</button><button class=\\"sun-button sun--box sun-button--normal sun-button--primary sun--inline-flex sun-elevation--1\\">主要按钮</button><button class=\\"sun-button sun--box sun-button--normal sun-button--info sun--inline-flex sun-elevation--1\\">信息按钮</button><button class=\\"sun-button sun--box sun-button--normal sun-button--success sun--inline-flex sun-elevation--1\\">成功按钮</button><button class=\\"sun-button sun--box sun-button--normal sun-button--warning sun--inline-flex sun-elevation--1\\">警告按钮</button><button class=\\"sun-button sun--box sun-button--normal sun-button--danger sun--inline-flex sun-elevation--1\\">危险按钮</button>
<div class=\\"app-type\\">文字按钮</div><button class=\\"sun-button sun--box sun-button--normal sun-button--text-primary sun--inline-flex sun-button--outline sun-button--text\\">外边框按钮</button><button class=\\"sun-button sun--box sun-button--normal sun-button--text-primary sun--inline-flex sun-button--text\\">文字按钮</button>
<div class=\\"app-type\\">禁用状态</div><button class=\\"sun-button sun--box sun-button--normal sun-button--disabled sun-button--default sun--inline-flex sun-elevation--1\\">禁用状态</button><button class=\\"sun-button sun--box sun-button--normal sun-button--disabled sun-button--text-default sun-button--text-disabled sun--inline-flex sun-button--outline sun-button--text\\">禁用状态</button><button class=\\"sun-button sun--box sun-button--normal sun-button--disabled sun-button--text-default sun-button--text-disabled sun--inline-flex sun-button--text\\">禁用状态</button>
<div class=\\"app-type\\">按钮尺寸</div><button class=\\"sun-button sun--box sun-button--normal sun-button--primary sun--inline-flex sun-elevation--1\\">默认按钮</button><button class=\\"sun-button sun--box sun-button--small sun-button--info sun--inline-flex sun-elevation--1\\">小型按钮</button><button class=\\"sun-button sun--box sun-button--mini sun-button--success sun--inline-flex sun-elevation--1\\">迷你按钮</button><button class=\\"sun-button sun--box sun-button--large sun-button--warning sun--inline-flex sun-elevation--1\\">大型按钮</button>
<div class=\\"app-type\\">块级按钮</div><button class=\\"sun-button sun--box sun-button--normal sun-button--primary sun--flex sun-button--block sun-elevation--1\\">块级按钮</button>
<div class=\\"app-type\\">自定义颜色</div><button class=\\"sun-button sun--box sun-button--normal sun-button--default sun--inline-flex sun-elevation--1\\" style=\\"background: rgb(105, 219, 170); color: rgb(238, 238, 238);\\">背景/文字</button><button class=\\"sun-button sun--box sun-button--normal sun-button--default sun--inline-flex sun-elevation--1\\" style=\\"color: rgb(255, 255, 255);\\">使用渐变</button>
<div class=\\"app-type\\">圆形按钮</div><button class=\\"sun-button sun--box sun-button--normal sun-button--primary sun--inline-flex sun-elevation--1 sun-button--round\\">aa</button>
<div class=\\"app-type\\">注册事件</div><button class=\\"sun-button sun--box sun-button--normal sun-button--success sun--inline-flex sun-elevation--1\\">点击</button><button class=\\"sun-button sun--box sun-button--normal sun-button--success sun--inline-flex sun-elevation--1\\">触摸</button>"
`;
